pkuseg not available - Chinese segmentation will be skipped
Traceback (most recent call last):
  File "/Users/mikael_piselli/BRITED_STUDIO_FINAL/video_pipeline/verify_video_words.py", line 137, in <module>
    main()
    ~~~~^^
  File "/Users/mikael_piselli/BRITED_STUDIO_FINAL/video_pipeline/verify_video_words.py", line 133, in main
    print(json.dumps(verify(args.spec, args.timing, args.video), ensure_ascii=False))
                     ~~~~~~^^^^^^^^^^^^^^^^^^^^^^^^^^^^^^^^^^^^
  File "/Users/mikael_piselli/BRITED_STUDIO_FINAL/video_pipeline/verify_video_words.py", line 123, in verify
    raise RuntimeError("contrôle des mots refusé — " + "; ".join(failures))
RuntimeError: contrôle des mots refusé — séquence 3 (reponse): texte ou durée invalide
pkuseg not available - Chinese segmentation will be skipped
pkuseg not available - Chinese segmentation will be skipped
pkuseg not available - Chinese segmentation will be skipped
pkuseg not available - Chinese segmentation will be skipped
pkuseg not available - Chinese segmentation will be skipped
Traceback (most recent call last):
  File "/Users/mikael_piselli/BRITED_STUDIO_FINAL/video_pipeline/audit_instagram.py", line 43, in <module>
    print(json.dumps(audit(args.video), ensure_ascii=False))
                     ~~~~~^^^^^^^^^^^^
  File "/Users/mikael_piselli/BRITED_STUDIO_FINAL/video_pipeline/audit_instagram.py", line 37, in audit
    raise RuntimeError('barème Instagram inférieur ou égal à 9,5')
RuntimeError: barème Instagram inférieur ou égal à 9,5
pkuseg not available - Chinese segmentation will be skipped
pkuseg not available - Chinese segmentation will be skipped
Python(72364) MallocStackLogging: can't turn off malloc stack logging because it was not enabled.
Traceback (most recent call last):
  File "/Users/mikael_piselli/BRITED_STUDIO_FINAL/video_pipeline/verify_video_words.py", line 138, in <module>
    main()
    ~~~~^^
  File "/Users/mikael_piselli/BRITED_STUDIO_FINAL/video_pipeline/verify_video_words.py", line 134, in main
    print(json.dumps(verify(args.spec, args.timing, args.video), ensure_ascii=False))
                     ~~~~~~^^^^^^^^^^^^^^^^^^^^^^^^^^^^^^^^^^^^
  File "/Users/mikael_piselli/BRITED_STUDIO_FINAL/video_pipeline/verify_video_words.py", line 124, in verify
    raise RuntimeError("contrôle des mots refusé — " + "; ".join(failures))
RuntimeError: contrôle des mots refusé — séquence 8 (cta): texte ou durée invalide
pkuseg not available - Chinese segmentation will be skipped
Traceback (most recent call last):
  File "/Users/mikael_piselli/BRITED_STUDIO_FINAL/video_pipeline/verify_video_words.py", line 138, in <module>
    main()
    ~~~~^^
  File "/Users/mikael_piselli/BRITED_STUDIO_FINAL/video_pipeline/verify_video_words.py", line 134, in main
    print(json.dumps(verify(args.spec, args.timing, args.video), ensure_ascii=False))
                     ~~~~~~^^^^^^^^^^^^^^^^^^^^^^^^^^^^^^^^^^^^
  File "/Users/mikael_piselli/BRITED_STUDIO_FINAL/video_pipeline/verify_video_words.py", line 124, in verify
    raise RuntimeError("contrôle des mots refusé — " + "; ".join(failures))
RuntimeError: contrôle des mots refusé — séquence 8 (cta): texte ou durée invalide
pkuseg not available - Chinese segmentation will be skipped
Traceback (most recent call last):
  File "/Users/mikael_piselli/BRITED_STUDIO_FINAL/video_pipeline/verify_video_quality.py", line 40, in <module>
    p=argparse.ArgumentParser();p.add_argument("spec",type=Path);p.add_argument("timing",type=Path);p.add_argument("video",type=Path);a=p.parse_args();print(json.dumps(verify(a.spec,a.timing,a.video),ensure_ascii=False))
                                                                                                                                                                        ~~~~~~^^^^^^^^^^^^^^^^^^^^^^^^^
  File "/Users/mikael_piselli/BRITED_STUDIO_FINAL/video_pipeline/verify_video_quality.py", line 36, in verify
    if failures: raise RuntimeError("contrôle qualité refusé — "+"; ".join(failures))
                 ^^^^^^^^^^^^^^^^^^^^^^^^^^^^^^^^^^^^^^^^^^^^^^^^^^^^^^^^^^^^^^^^^^^^
RuntimeError: contrôle qualité refusé — question visible seulement 3.23 s au lieu de 4 s
pkuseg not available - Chinese segmentation will be skipped
pkuseg not available - Chinese segmentation will be skipped
pkuseg not available - Chinese segmentation will be skipped
pkuseg not available - Chinese segmentation will be skipped
pkuseg not available - Chinese segmentation will be skipped
Traceback (most recent call last):
  File "/Users/mikael_piselli/BRITED_STUDIO_FINAL/video_pipeline/verify_video_quality.py", line 40, in <module>
    p=argparse.ArgumentParser();p.add_argument("spec",type=Path);p.add_argument("timing",type=Path);p.add_argument("video",type=Path);a=p.parse_args();print(json.dumps(verify(a.spec,a.timing,a.video),ensure_ascii=False))
                                                                                                                                                                        ~~~~~~^^^^^^^^^^^^^^^^^^^^^^^^^
  File "/Users/mikael_piselli/BRITED_STUDIO_FINAL/video_pipeline/verify_video_quality.py", line 36, in verify
    if failures: raise RuntimeError("contrôle qualité refusé — "+"; ".join(failures))
                 ^^^^^^^^^^^^^^^^^^^^^^^^^^^^^^^^^^^^^^^^^^^^^^^^^^^^^^^^^^^^^^^^^^^^
RuntimeError: contrôle qualité refusé — question visible seulement 3.81 s au lieu de 4 s
pkuseg not available - Chinese segmentation will be skipped
pkuseg not available - Chinese segmentation will be skipped
pkuseg not available - Chinese segmentation will be skipped
pkuseg not available - Chinese segmentation will be skipped
pkuseg not available - Chinese segmentation will be skipped
Traceback (most recent call last):
  File "/Users/mikael_piselli/BRITED_STUDIO_FINAL/video_pipeline/audit_instagram.py", line 43, in <module>
    print(json.dumps(audit(args.video), ensure_ascii=False))
                     ~~~~~^^^^^^^^^^^^
  File "/Users/mikael_piselli/BRITED_STUDIO_FINAL/video_pipeline/audit_instagram.py", line 37, in audit
    raise RuntimeError('barème Instagram inférieur ou égal à 9,5')
RuntimeError: barème Instagram inférieur ou égal à 9,5
pkuseg not available - Chinese segmentation will be skipped
pkuseg not available - Chinese segmentation will be skipped
pkuseg not available - Chinese segmentation will be skipped
pkuseg not available - Chinese segmentation will be skipped
pkuseg not available - Chinese segmentation will be skipped
Traceback (most recent call last):
  File "/Users/mikael_piselli/BRITED_STUDIO_FINAL/video_pipeline/render_social.py", line 303, in <module>
    if __name__=="__main__": main()
                             ~~~~^^
  File "/Users/mikael_piselli/BRITED_STUDIO_FINAL/video_pipeline/render_social.py", line 300, in main
    parser=argparse.ArgumentParser();parser.add_argument("spec",type=Path);parser.add_argument("output",type=Path);parser.add_argument("--timing",type=Path,required=True);args=parser.parse_args();render(args.spec,args.output,args.timing)
                                                                                                                                                                                                    ~~~~~~^^^^^^^^^^^^^^^^^^^^^^^^^^^^^^^^^^^
  File "/Users/mikael_piselli/BRITED_STUDIO_FINAL/video_pipeline/render_social.py", line 251, in render
    current=answer_page(spec,page,beat,visible)
  File "/Users/mikael_piselli/BRITED_STUDIO_FINAL/video_pipeline/render_social.py", line 109, in answer_page
    face=font(face.size-2); lines=wrap_words(draw,answer.split(),face,455)
                                                  ^^^^^^
NameError: name 'answer' is not defined
pkuseg not available - Chinese segmentation will be skipped
Traceback (most recent call last):
  File "/Users/mikael_piselli/BRITED_STUDIO_FINAL/video_pipeline/render_social.py", line 303, in <module>
    if __name__=="__main__": main()
                             ~~~~^^
  File "/Users/mikael_piselli/BRITED_STUDIO_FINAL/video_pipeline/render_social.py", line 300, in main
    parser=argparse.ArgumentParser();parser.add_argument("spec",type=Path);parser.add_argument("output",type=Path);parser.add_argument("--timing",type=Path,required=True);args=parser.parse_args();render(args.spec,args.output,args.timing)
                                                                                                                                                                                                    ~~~~~~^^^^^^^^^^^^^^^^^^^^^^^^^^^^^^^^^^^
  File "/Users/mikael_piselli/BRITED_STUDIO_FINAL/video_pipeline/render_social.py", line 251, in render
    current=answer_page(spec,page,beat,visible)
  File "/Users/mikael_piselli/BRITED_STUDIO_FINAL/video_pipeline/render_social.py", line 109, in answer_page
    face=font(face.size-2); lines=wrap_words(draw,answer.split(),face,455)
                                                  ^^^^^^
NameError: name 'answer' is not defined
pkuseg not available - Chinese segmentation will be skipped
Traceback (most recent call last):
  File "/Users/mikael_piselli/BRITED_STUDIO_FINAL/video_pipeline/verify_video_words.py", line 138, in <module>
    main()
    ~~~~^^
  File "/Users/mikael_piselli/BRITED_STUDIO_FINAL/video_pipeline/verify_video_words.py", line 134, in main
    print(json.dumps(verify(args.spec, args.timing, args.video), ensure_ascii=False))
                     ~~~~~~^^^^^^^^^^^^^^^^^^^^^^^^^^^^^^^^^^^^
  File "/Users/mikael_piselli/BRITED_STUDIO_FINAL/video_pipeline/verify_video_words.py", line 124, in verify
    raise RuntimeError("contrôle des mots refusé — " + "; ".join(failures))
RuntimeError: contrôle des mots refusé — séquence 8 (cta): texte ou durée invalide
pkuseg not available - Chinese segmentation will be skipped
pkuseg not available - Chinese segmentation will be skipped
pkuseg not available - Chinese segmentation will be skipped
